#-----------------------------------------------------------
# Vivado v2018.2 (64-bit)
# SW Build 2258646 on Thu Jun 14 20:03:12 MDT 2018
# IP Build 2256618 on Thu Jun 14 22:10:49 MDT 2018
# Start of session at: Fri Nov 23 01:13:23 2018
# Process ID: 5616
# Current directory: C:/Users/bry_0/Desktop/computer
# Command line: vivado.exe -gui_launcher_event rodinguilauncherevent15044 C:\Users\bry_0\Desktop\computer\thinpad_top.xpr
# Log file: C:/Users/bry_0/Desktop/computer/vivado.log
# Journal file: C:/Users/bry_0/Desktop/computer\vivado.jou
#-----------------------------------------------------------
start_gui
open_project C:/Users/bry_0/Desktop/computer/thinpad_top.xpr
update_compile_order -fileset sources_1
update_compile_order -fileset sim_1
upgrade_ip -srcset pll_example -vlnv xilinx.com:ip:clk_wiz:6.0 [get_ips  pll_example] -log ip_upgrade.log
export_ip_user_files -of_objects [get_ips pll_example] -no_script -sync -force -quiet
update_compile_order -fileset sources_1
export_ip_user_files -of_objects  [get_files C:/Users/bry_0/Desktop/computer/thinpad_top.srcs/sources_1/new/thinpad_top.v] -no_script -reset -force -quiet
export_ip_user_files -of_objects  [get_files C:/Users/bry_0/Desktop/computer/thinpad_top.srcs/sources_1/new/vga.v] -no_script -reset -force -quiet
export_ip_user_files -of_objects  [get_files C:/Users/bry_0/Desktop/computer/thinpad_top.srcs/sources_1/new/async.v] -no_script -reset -force -quiet
export_ip_user_files -of_objects  [get_files C:/Users/bry_0/Desktop/computer/thinpad_top.srcs/sources_1/new/SEG7_LUT.v] -no_script -reset -force -quiet
remove_files  {C:/Users/bry_0/Desktop/computer/thinpad_top.srcs/sources_1/new/thinpad_top.v C:/Users/bry_0/Desktop/computer/thinpad_top.srcs/sources_1/new/vga.v C:/Users/bry_0/Desktop/computer/thinpad_top.srcs/sources_1/new/async.v C:/Users/bry_0/Desktop/computer/thinpad_top.srcs/sources_1/new/SEG7_LUT.v}
file delete -force C:/Users/bry_0/Desktop/computer/thinpad_top.srcs/sources_1/new/thinpad_top.v C:/Users/bry_0/Desktop/computer/thinpad_top.srcs/sources_1/new/vga.v C:/Users/bry_0/Desktop/computer/thinpad_top.srcs/sources_1/new/async.v C:/Users/bry_0/Desktop/computer/thinpad_top.srcs/sources_1/new/SEG7_LUT.v
set_property source_mgmt_mode DisplayOnly [current_project]
close [ open C:/Users/bry_0/Desktop/computer/thinpad_top.srcs/sources_1/new/openmips_min_scopy.v w ]
add_files C:/Users/bry_0/Desktop/computer/thinpad_top.srcs/sources_1/new/openmips_min_scopy.v
close [ open C:/Users/bry_0/Desktop/computer/thinpad_top.srcs/sources_1/new/pc_reg.v w ]
add_files C:/Users/bry_0/Desktop/computer/thinpad_top.srcs/sources_1/new/pc_reg.v
close [ open C:/Users/bry_0/Desktop/computer/thinpad_top.srcs/sources_1/new/id.v w ]
add_files C:/Users/bry_0/Desktop/computer/thinpad_top.srcs/sources_1/new/id.v
close [ open C:/Users/bry_0/Desktop/computer/thinpad_top.srcs/sources_1/new/ex_mem.v w ]
add_files C:/Users/bry_0/Desktop/computer/thinpad_top.srcs/sources_1/new/ex_mem.v
close [ open C:/Users/bry_0/Desktop/computer/thinpad_top.srcs/sources_1/new/if_id.v w ]
add_files C:/Users/bry_0/Desktop/computer/thinpad_top.srcs/sources_1/new/if_id.v
close [ open C:/Users/bry_0/Desktop/computer/thinpad_top.srcs/sources_1/new/openmips.v w ]
add_files C:/Users/bry_0/Desktop/computer/thinpad_top.srcs/sources_1/new/openmips.v
close [ open C:/Users/bry_0/Desktop/computer/thinpad_top.srcs/sources_1/new/inst_rom.v w ]
add_files C:/Users/bry_0/Desktop/computer/thinpad_top.srcs/sources_1/new/inst_rom.v
close [ open C:/Users/bry_0/Desktop/computer/thinpad_top.srcs/sources_1/new/regfile.v w ]
add_files C:/Users/bry_0/Desktop/computer/thinpad_top.srcs/sources_1/new/regfile.v
close [ open C:/Users/bry_0/Desktop/computer/thinpad_top.srcs/sources_1/new/ex.v w ]
add_files C:/Users/bry_0/Desktop/computer/thinpad_top.srcs/sources_1/new/ex.v
close [ open C:/Users/bry_0/Desktop/computer/thinpad_top.srcs/sources_1/new/id_ex.v w ]
add_files C:/Users/bry_0/Desktop/computer/thinpad_top.srcs/sources_1/new/id_ex.v
close [ open C:/Users/bry_0/Desktop/computer/thinpad_top.srcs/sources_1/new/mem.v w ]
add_files C:/Users/bry_0/Desktop/computer/thinpad_top.srcs/sources_1/new/mem.v
close [ open C:/Users/bry_0/Desktop/computer/thinpad_top.srcs/sources_1/new/mem_wb.v w ]
add_files C:/Users/bry_0/Desktop/computer/thinpad_top.srcs/sources_1/new/mem_wb.v
close [ open C:/Users/bry_0/Desktop/computer/thinpad_top.srcs/sources_1/new/defines.vh w ]
add_files C:/Users/bry_0/Desktop/computer/thinpad_top.srcs/sources_1/new/defines.vh
launch_runs synth_1 -jobs 2
wait_on_run synth_1
reset_run synth_1
launch_runs synth_1 -jobs 2
wait_on_run synth_1
reset_run synth_1
launch_runs synth_1 -jobs 2
wait_on_run synth_1
generate_target all [get_files  C:/Users/bry_0/Desktop/computer/thinpad_top.srcs/sources_1/ip/pll_example/pll_example.xci]
export_ip_user_files -of_objects [get_files C:/Users/bry_0/Desktop/computer/thinpad_top.srcs/sources_1/ip/pll_example/pll_example.xci] -no_script -sync -force -quiet
reset_run pll_example_synth_1
launch_runs -jobs 2 pll_example_synth_1
export_simulation -of_objects [get_files C:/Users/bry_0/Desktop/computer/thinpad_top.srcs/sources_1/ip/pll_example/pll_example.xci] -directory C:/Users/bry_0/Desktop/computer/thinpad_top.ip_user_files/sim_scripts -ip_user_files_dir C:/Users/bry_0/Desktop/computer/thinpad_top.ip_user_files -ipstatic_source_dir C:/Users/bry_0/Desktop/computer/thinpad_top.ip_user_files/ipstatic -lib_map_path [list {modelsim=C:/Users/bry_0/Desktop/computer/thinpad_top.cache/compile_simlib/modelsim} {questa=C:/Users/bry_0/Desktop/computer/thinpad_top.cache/compile_simlib/questa} {riviera=C:/Users/bry_0/Desktop/computer/thinpad_top.cache/compile_simlib/riviera} {activehdl=C:/Users/bry_0/Desktop/computer/thinpad_top.cache/compile_simlib/activehdl}] -use_ip_compiled_libs -force -quiet
reset_run synth_1
launch_runs impl_1 -jobs 2
wait_on_run impl_1
close [ open C:/Users/bry_0/Desktop/computer/thinpad_top.srcs/sources_1/new/thinpad_top.v w ]
add_files C:/Users/bry_0/Desktop/computer/thinpad_top.srcs/sources_1/new/thinpad_top.v
close [ open C:/Users/bry_0/Desktop/computer/thinpad_top.srcs/sources_1/new/async.v w ]
add_files C:/Users/bry_0/Desktop/computer/thinpad_top.srcs/sources_1/new/async.v
close [ open C:/Users/bry_0/Desktop/computer/thinpad_top.srcs/sources_1/new/SEG7_LUT.v w ]
add_files C:/Users/bry_0/Desktop/computer/thinpad_top.srcs/sources_1/new/SEG7_LUT.v
close [ open C:/Users/bry_0/Desktop/computer/thinpad_top.srcs/sources_1/new/vga.v w ]
add_files C:/Users/bry_0/Desktop/computer/thinpad_top.srcs/sources_1/new/vga.v
reset_run synth_1
launch_runs synth_1 -jobs 2
wait_on_run synth_1
launch_runs impl_1 -jobs 2
wait_on_run impl_1
